dfgdfgdfgdffd
C:\Users\ekaya>mkdir codingals

C:\Users\ekaya>cd codingals

C:\Users\ekaya\codingals>git init
Initialized empty Git repository in C:/Users/ekaya/codingals/.git/

C:\Users\ekaya\codingals>git status
On branch master

No commits yet

nothing to commit (create/copy files and use "git add" to track)

C:\Users\ekaya\codingals>git status
On branch master

No commits yet

Untracked files:
  (use "git add <file>..." to include in what will be committed)
        test.txt

nothing added to commit but untracked files present (use "git add" to track)

C:\Users\ekaya\codingals>git add test.txt

C:\Users\ekaya\codingals>git commit -m "first commit"
[master (root-commit) 440fbed] first commit
 1 file changed, 0 insertions(+), 0 deletions(-)
 create mode 100644 test.txt

C:\Users\ekaya\codingals>git ls-files
test.txt

C:\Users\ekaya\codingals>git status
On branch master
nothing to commit, working tree clean

C:\Users\ekaya\codingals>git status
On branch master
Changes not staged for commit:
  (use "git add <file>..." to update what will be committed)
  (use "git restore <file>..." to discard changes in working directory)
        modified:   test.txt

no changes added to commit (use "git add" and/or "git commit -a")

C:\Users\ekaya\codingals>git diff test.txt
diff --git a/test.txt b/test.txt
index e69de29..d3edb58 100644
--- a/test.txt
+++ b/test.txt
@@ -0,0 +1 @@
+add some changes
\ No newline at end of file

C:\Users\ekaya\codingals>git add .

C:\Users\ekaya\codingals>git status
On branch master
Changes to be committed:
  (use "git restore --staged <file>..." to unstage)
        modified:   test.txt


C:\Users\ekaya\codingals>git commit -m "modified textfile"
[master a0d6aef] modified textfile
 1 file changed, 1 insertion(+)

C:\Users\ekaya\codingals>git log --oneline
a0d6aef (HEAD -> master) modified textfile
440fbed first commit

C:\Users\ekaya\codingals>git diff 440fbed
diff --git a/test.txt b/test.txt
index e69de29..d3edb58 100644
--- a/test.txt
+++ b/test.txt
@@ -0,0 +1 @@
+add some changes
\ No newline at end of file

C:\Users\ekaya\codingals>git status
On branch master
Changes not staged for commit:
  (use "git add <file>..." to update what will be committed)
  (use "git restore <file>..." to discard changes in working directory)
        modified:   test.txt

no changes added to commit (use "git add" and/or "git commit -a")

C:\Users\ekaya\codingals>git add .

C:\Users\ekaya\codingals>git commit -m "another modification done"
[master 4212460] another modification done
 1 file changed, 2 insertions(+), 1 deletion(-)

C:\Users\ekaya\codingals>git diff test.txt
diff --git a/test.txt b/test.txt
index 30f41ea..afa0506 100644
--- a/test.txt
+++ b/test.txt
@@ -1,2 +1,3 @@
 add some changes
-second modification
\ No newline at end of file
+second modification
+add line 3
\ No newline at end of file

C:\Users\ekaya\codingals>git add .

C:\Users\ekaya\codingals>git commit -m "adding line2"
[master dc680d7] adding line2
 1 file changed, 2 insertions(+), 1 deletion(-)

C:\Users\ekaya\codingals>git log --oneline
dc680d7 (HEAD -> master) adding line2
4212460 another modification done
a0d6aef modified textfile
440fbed first commit

C:\Users\ekaya\codingals>type test.txt
add some changes
second modification
add line 3
C:\Users\ekaya\codingals>git checkout HEAD~1 test.txt
Updated 1 path from 0bfe949

C:\Users\ekaya\codingals>type test.txt
add some changes
second modification
C:\Users\ekaya\codingals>git status
On branch master
Changes to be committed:
  (use "git restore --staged <file>..." to unstage)
        modified:   test.txt


C:\Users\ekaya\codingals>git commit -m "reverted line3"
[master d24a825] reverted line3
 1 file changed, 1 insertion(+), 2 deletions(-)

C:\Users\ekaya\codingals>git log --oneline
d24a825 (HEAD -> master) reverted line3
dc680d7 adding line2
4212460 another modification done
a0d6aef modified textfile
440fbed first commit

C:\Users\ekaya\codingals>git checkout a0d6aef test.txt
Updated 1 path from 2c194f4

C:\Users\ekaya\codingals>type test.txt
add some changes
C:\Users\ekaya\codingals>git status
On branch master
Changes to be committed:
  (use "git restore --staged <file>..." to unstage)
        modified:   test.txt


C:\Users\ekaya\codingals>git commit -m "reverted to line"
[master 1762dec] reverted to line
 1 file changed, 1 insertion(+), 2 deletions(-)

C:\Users\ekaya\codingals>git log --oneline
1762dec (HEAD -> master) reverted to line
d24a825 reverted line3
dc680d7 adding line2
4212460 another modification done
a0d6aef modified textfile
440fbed first commit

C:\Users\ekaya\codingals>git ls-files
test.txt

C:\Users\ekaya\codingals>git ls-files
test.txt

C:\Users\ekaya\codingals>git ls-files
test.txt

C:\Users\ekaya\codingals>git ls-files
test.txt

C:\Users\ekaya\codingals>git status
On branch master
Untracked files:
  (use "git add <file>..." to include in what will be committed)
        d.txt
        k.txt

nothing added to commit but untracked files present (use "git add" to track)

C:\Users\ekaya\codingals>git add d.txt

C:\Users\ekaya\codingals>git add b.txt
fatal: pathspec 'b.txt' did not match any files

C:\Users\ekaya\codingals>git add k.txt

C:\Users\ekaya\codingals>git commit -m"adding two file"
[master 98fcc58] adding two file
 2 files changed, 2 insertions(+)
 create mode 100644 d.txt
 create mode 100644 k.txt

C:\Users\ekaya\codingals>git rm k.txt
rm 'k.txt'

C:\Users\ekaya\codingals>git ls-files --stage
100644 32f95c0d1244a78b2be1bab8de17906fabb2c4a8 0       d.txt
100644 d3edb58711b8b43a1372658354397250bf2f799c 0       test.txt


                        
 C:\Users\ekaya\codingals>git ls-files --dir
d.txt
test.txt

C:\Users\ekaya\codingals>
